../lora_module/rylr998.c:22:18:rylr998Test	16	static
../lora_module/rylr998.c:37:18:rylr998SetAddress	40	static
../lora_module/rylr998.c:55:18:rylr998SetNetworkId	48	static
../lora_module/rylr998.c:91:18:rylr998SetOutputPower	40	static
../lora_module/rylr998.c:120:18:rylr998GetAddress	32	static
../lora_module/rylr998.c:141:18:rylr998Send	288	static
../lora_module/rylr998.c:202:18:rylr998ReceivePacketParser	272	static
../lora_module/rylr998.c:244:18:rylr998GetSent	40	static
../lora_module/rylr998.c:264:18:rylr998Get	48	static
../lora_module/rylr998.c:345:18:rylr998ParameterLoad	80	static
../lora_module/rylr998.c:373:20:rylr998ResponseFind	24	static
../lora_module/rylr998.c:395:18:checksumValidate	24	static
../lora_module/rylr998.c:411:6:rylr998Int2Ascii	16	static
../lora_module/rylr998.c:416:6:rylr998Ascii2Int	16	static
../lora_module/rylr998.c:421:6:rylr998_enable	8	static
../lora_module/rylr998.c:426:6:rylr998TargetAddressSet	16	static
../lora_module/rylr998.c:432:6:rylr998ReceiverTask	8	static
