../Core/Src/main.c:72:5:main	16	static
../Core/Src/main.c:188:6:SystemClock_Config	88	static
../Core/Src/main.c:232:13:MX_USART1_UART_Init	8	static
../Core/Src/main.c:274:13:MX_DMA_Init	16	static
../Core/Src/main.c:295:13:MX_GPIO_Init	48	static
../Core/Src/main.c:343:13:MX_TIM2_Init	48	static
../Core/Src/main.c:388:6:HAL_UART_RxCpltCallback	16	static
../Core/Src/main.c:395:6:HAL_UARTEx_RxEventCallback	16	static
../Core/Src/main.c:402:6:receiverTask	8	static
../Core/Src/main.c:460:6:Error_Handler	4	static
