../Core/Src/main.c:72:5:main	16	static
../Core/Src/main.c:184:6:SystemClock_Config	88	static
../Core/Src/main.c:228:13:MX_USART1_UART_Init	8	static
../Core/Src/main.c:270:13:MX_DMA_Init	16	static
../Core/Src/main.c:291:13:MX_GPIO_Init	48	static
../Core/Src/main.c:339:13:MX_TIM2_Init	48	static
../Core/Src/main.c:384:6:HAL_UART_RxCpltCallback	16	static
../Core/Src/main.c:391:6:HAL_UARTEx_RxEventCallback	16	static
../Core/Src/main.c:398:6:receiverTask	8	static
../Core/Src/main.c:456:6:Error_Handler	4	static
