rylr998.c:15:18:rylr998Test	16	static
rylr998.c:30:18:rylr998SetAddress	40	static
rylr998.c:48:18:rylr998SetNetworkId	40	static
rylr998.c:71:18:rylr998SetOutputPower	40	static
rylr998.c:100:18:rylr998GetAddress	32	static
rylr998.c:121:18:rylr998Send	288	static
rylr998.c:170:18:rylr998ReceivePacketParser	272	static
rylr998.c:210:18:rylr998GetSent	40	static
rylr998.c:230:18:rylr998Get	48	static
rylr998.c:312:20:rylr998ResponseFind	24	static
rylr998.c:334:18:checksumValidate	24	static
rylr998.c:350:6:rylr998Int2Ascii	16	static
rylr998.c:355:6:rylr998Ascii2Int	16	static
rylr998.c:360:6:rylr998_enable	8	static
