rylr998.c:15:18:rylr998Test	16	static
rylr998.c:30:18:rylr998SetAddress	40	static
rylr998.c:48:18:rylr998SetNetworkId	40	static
rylr998.c:71:18:rylr998SetOutputPower	40	static
rylr998.c:100:18:rylr998GetAddress	32	static
rylr998.c:121:18:rylr998Send	280	static
rylr998.c:177:18:rylr998ReceivePacketParser	272	static
rylr998.c:217:18:rylr998GetSent	40	static
rylr998.c:237:18:rylr998Get	48	static
rylr998.c:318:18:rylr998ParameterLoad	80	static
rylr998.c:346:20:rylr998ResponseFind	24	static
rylr998.c:368:18:checksumValidate	24	static
rylr998.c:384:6:rylr998Int2Ascii	16	static
rylr998.c:389:6:rylr998Ascii2Int	16	static
rylr998.c:394:6:rylr998_enable	8	static
rylr998.c:399:6:rylr998TargetAddressSet	16	static
rylr998.c:405:6:rylr998ReceiverTask	8	static
